// Jest Snapshot v1, https://goo.gl/fbAQLP

exports[`Test to <App /> should show the component succesfull 1`] = `
<Fragment>
  <HelmetWrapper
    defer={true}
    encodeSpecialCharacters={true}
  >
    <meta
      charSet="UTF-8"
    />
    <title>
      MercadoApp
    </title>
    <meta
      content="width=device-width, initial-scale=1"
      name="viewport"
    />
    <meta
      content="#000000"
      name="theme-color"
    />
    <meta
      content="Busca tus productos favoritos"
      name="description"
    />
  </HelmetWrapper>
  <AppRouter />
</Fragment>
`;
